20260725_164125  Version 2.0.0
============================================================
Timestamp : 2026-07-25 17:27:44
Patch ID  : TEST
Status    : SUCCESS
Validation: PASS
Rollback  : NO
Message   : Logger module test completed.
============================================================

============================================================
Timestamp : 2026-07-25 17:42:11
Patch ID  : 2.1.0
Status    : FAILED
Validation: FAIL
Rollback  : YES
Message   : 'file'
============================================================

============================================================
Timestamp : 2026-07-25 17:51:13
Patch ID  : 2.1.0
Status    : FAILED
Validation: FAIL
Rollback  : YES
Message   : 'file'
============================================================

============================================================
Timestamp : 2026-07-25 17:52:01
Patch ID  : 2.1.0
Status    : SUCCESS
Validation: PASS
Rollback  : NO
Message   : Patch installed successfully.
============================================================

